2025-10-10 21:01:26,341 | INFO    | Starting run | OLLAMA_BASE=http://127.0.0.1:11434 | MODEL_TAG=gemma3
2025-10-10 21:01:26,346 | INFO    | Discovered 300 PNG images | Done=9 | Pending=291
2025-10-10 21:01:53,101 | INFO    | [1/291] OK FD_12_17.png | 26736ms
2025-10-10 21:02:13,816 | INFO    | [2/291] OK FD_12_18.png | 20599ms
2025-10-10 21:02:35,923 | INFO    | [3/291] OK FD_12_19.png | 21995ms
2025-10-10 21:02:58,775 | INFO    | [4/291] OK FD_12_2.png | 22735ms
2025-10-10 21:03:19,779 | INFO    | [5/291] OK FD_12_20.png | 20884ms
2025-10-10 21:03:42,692 | INFO    | [6/291] OK FD_12_21.png | 22796ms
2025-10-10 21:04:04,000 | INFO    | [7/291] OK FD_12_22.png | 21188ms
2025-10-10 21:04:24,390 | INFO    | [8/291] OK FD_12_23.png | 20269ms
2025-10-10 21:04:45,575 | INFO    | [9/291] OK FD_12_24.png | 21072ms
2025-10-10 21:05:09,058 | INFO    | [10/291] OK FD_12_25.png | 23366ms
2025-10-10 21:05:32,273 | INFO    | [11/291] OK FD_12_26.png | 23098ms
2025-10-10 21:05:54,098 | INFO    | [12/291] OK FD_12_27.png | 21708ms
2025-10-10 21:06:15,409 | INFO    | [13/291] OK FD_12_28.png | 21198ms
2025-10-10 21:06:38,284 | INFO    | [14/291] OK FD_12_29.png | 22754ms
2025-10-10 21:07:01,769 | INFO    | [15/291] OK FD_12_3.png | 23350ms
2025-10-10 21:07:25,299 | INFO    | [16/291] OK FD_12_30.png | 23409ms
2025-10-10 21:07:48,340 | INFO    | [17/291] OK FD_12_31.png | 22928ms
2025-10-10 21:08:10,926 | INFO    | [18/291] OK FD_12_32.png | 22475ms
2025-10-10 21:08:33,469 | INFO    | [19/291] OK FD_12_33.png | 22422ms
2025-10-10 21:08:55,345 | INFO    | [20/291] OK FD_12_34.png | 21757ms
2025-10-10 21:09:16,984 | INFO    | [21/291] OK FD_12_35.png | 21523ms
2025-10-10 21:09:37,205 | INFO    | [22/291] OK FD_12_36.png | 20101ms
2025-10-10 21:09:58,934 | INFO    | [23/291] OK FD_12_37.png | 21613ms
2025-10-10 21:10:20,911 | INFO    | [24/291] OK FD_12_38.png | 21858ms
2025-10-10 21:10:42,684 | INFO    | [25/291] OK FD_12_39.png | 21650ms
2025-10-10 21:11:04,724 | INFO    | [26/291] OK FD_12_4.png | 21929ms
2025-10-10 21:11:25,264 | INFO    | [27/291] OK FD_12_40.png | 20420ms
2025-10-10 21:11:46,561 | INFO    | [28/291] OK FD_12_41.png | 21180ms
2025-10-10 21:12:09,294 | INFO    | [29/291] OK FD_12_42.png | 22614ms
2025-10-10 21:12:32,349 | INFO    | [30/291] OK FD_12_43.png | 22936ms
2025-10-10 21:12:55,404 | INFO    | [31/291] OK FD_12_44.png | 22937ms
2025-10-10 21:13:15,974 | INFO    | [32/291] OK FD_12_45.png | 20458ms
2025-10-10 21:13:37,332 | INFO    | [33/291] OK FD_12_46.png | 21241ms
2025-10-10 21:13:57,056 | INFO    | [34/291] OK FD_12_47.png | 19608ms
2025-10-10 21:14:18,489 | INFO    | [35/291] OK FD_12_48.png | 21317ms
2025-10-10 21:14:39,799 | INFO    | [36/291] OK FD_12_49.png | 21196ms
2025-10-10 21:15:00,991 | INFO    | [37/291] OK FD_12_5.png | 21076ms
2025-10-10 21:15:22,258 | INFO    | [38/291] OK FD_12_50.png | 21149ms
2025-10-10 21:15:43,621 | INFO    | [39/291] OK FD_12_51.png | 21247ms
2025-10-10 21:16:05,097 | INFO    | [40/291] OK FD_12_52.png | 21359ms
2025-10-10 21:16:26,461 | INFO    | [41/291] OK FD_12_53.png | 21245ms
2025-10-10 21:16:47,691 | INFO    | [42/291] OK FD_12_54.png | 21115ms
2025-10-10 21:17:07,631 | INFO    | [43/291] OK FD_12_55.png | 19818ms
2025-10-10 21:17:29,068 | INFO    | [44/291] OK FD_12_56.png | 21320ms
2025-10-10 21:17:48,985 | INFO    | [45/291] OK FD_12_57.png | 19800ms
2025-10-10 21:18:10,407 | INFO    | [46/291] OK FD_12_58.png | 21304ms
2025-10-10 21:18:31,732 | INFO    | [47/291] OK FD_12_59.png | 21206ms
2025-10-10 21:18:53,260 | INFO    | [48/291] OK FD_12_6.png | 21410ms
2025-10-10 21:19:14,619 | INFO    | [49/291] OK FD_12_60.png | 21243ms
2025-10-10 21:19:36,109 | INFO    | [50/291] OK FD_12_61.png | 21375ms
2025-10-10 21:19:57,515 | INFO    | [51/291] OK FD_12_62.png | 21288ms
2025-10-10 21:20:18,784 | INFO    | [52/291] OK FD_12_63.png | 21157ms
2025-10-10 21:20:40,226 | INFO    | [53/291] OK FD_12_64.png | 21324ms
2025-10-10 21:21:02,580 | INFO    | [54/291] OK FD_12_65.png | 22240ms
2025-10-10 21:21:22,421 | INFO    | [55/291] OK FD_12_66.png | 19726ms
2025-10-10 21:21:44,067 | INFO    | [56/291] OK FD_12_67.png | 21530ms
2025-10-10 21:22:04,283 | INFO    | [57/291] OK FD_12_68.png | 20098ms
2025-10-10 21:22:26,400 | INFO    | [58/291] OK FD_12_69.png | 22001ms
2025-10-10 21:22:48,206 | INFO    | [59/291] OK FD_12_7.png | 21685ms
2025-10-10 21:23:09,699 | INFO    | [60/291] OK FD_12_70.png | 21374ms
2025-10-10 21:23:30,939 | INFO    | [61/291] OK FD_12_71.png | 21121ms
2025-10-10 21:23:52,314 | INFO    | [62/291] OK FD_12_72.png | 21258ms
2025-10-10 21:24:14,697 | INFO    | [63/291] OK FD_12_73.png | 22269ms
2025-10-10 21:24:35,324 | INFO    | [64/291] OK FD_12_74.png | 20510ms
2025-10-10 21:24:57,484 | INFO    | [65/291] OK FD_12_75.png | 22049ms
2025-10-10 21:25:18,813 | INFO    | [66/291] OK FD_12_76.png | 21209ms
2025-10-10 21:25:41,013 | INFO    | [67/291] OK FD_12_77.png | 22088ms
2025-10-10 21:26:03,260 | INFO    | [68/291] OK FD_12_78.png | 22129ms
2025-10-10 21:26:25,591 | INFO    | [69/291] OK FD_12_79.png | 22212ms
2025-10-10 21:26:48,319 | INFO    | [70/291] OK FD_12_8.png | 22613ms
2025-10-10 21:27:08,884 | INFO    | [71/291] OK FD_12_80.png | 20445ms
2025-10-10 21:27:32,419 | INFO    | [72/291] OK FD_12_81.png | 23416ms
2025-10-10 21:27:54,513 | INFO    | [73/291] OK FD_12_82.png | 21977ms
2025-10-10 21:28:16,761 | INFO    | [74/291] OK FD_12_83.png | 22134ms
2025-10-10 21:28:38,065 | INFO    | [75/291] OK FD_12_84.png | 21184ms
2025-10-10 21:29:01,725 | INFO    | [76/291] OK FD_12_85.png | 23544ms
2025-10-10 21:29:22,202 | INFO    | [77/291] OK FD_12_86.png | 20360ms
2025-10-10 21:29:45,549 | INFO    | [78/291] OK FD_12_87.png | 23229ms
2025-10-10 21:30:05,636 | INFO    | [79/291] OK FD_12_88.png | 19961ms
2025-10-10 21:30:27,844 | INFO    | [80/291] OK FD_12_89.png | 22063ms
2025-10-10 21:30:49,544 | INFO    | [81/291] OK FD_12_9.png | 21578ms
2025-10-10 21:31:09,863 | INFO    | [82/291] OK FD_12_90.png | 20203ms
2025-10-10 21:31:29,631 | INFO    | [83/291] OK FD_12_91.png | 19653ms
2025-10-10 21:31:50,998 | INFO    | [84/291] OK FD_12_92.png | 21250ms
2025-10-10 21:32:10,745 | INFO    | [85/291] OK FD_12_93.png | 19630ms
2025-10-10 21:32:31,909 | INFO    | [86/291] OK FD_12_94.png | 21048ms
2025-10-10 21:32:52,671 | INFO    | [87/291] OK FD_12_95.png | 20643ms
2025-10-10 21:33:14,191 | INFO    | [88/291] OK FD_12_96.png | 21403ms
2025-10-10 21:33:35,579 | INFO    | [89/291] OK FD_12_97.png | 21276ms
2025-10-10 21:33:57,112 | INFO    | [90/291] OK FD_12_98.png | 21413ms
2025-10-10 21:34:18,500 | INFO    | [91/291] OK FD_12_99.png | 21275ms
2025-10-10 21:34:38,412 | INFO    | [92/291] OK FD_14_0.png | 19794ms
2025-10-10 21:34:59,892 | INFO    | [93/291] OK FD_14_1.png | 21357ms
2025-10-10 21:35:21,248 | INFO    | [94/291] OK FD_14_10.png | 21241ms
2025-10-10 21:35:42,651 | INFO    | [95/291] OK FD_14_11.png | 21283ms
2025-10-10 21:36:04,197 | INFO    | [96/291] OK FD_14_12.png | 21426ms
2025-10-10 21:36:24,071 | INFO    | [97/291] OK FD_14_13.png | 19757ms
2025-10-10 21:36:44,144 | INFO    | [98/291] OK FD_14_14.png | 19957ms
2025-10-10 21:37:04,066 | INFO    | [99/291] OK FD_14_15.png | 19796ms
2025-10-10 21:37:25,488 | INFO    | [100/291] OK FD_14_16.png | 21299ms
2025-10-10 21:37:45,342 | INFO    | [101/291] OK FD_14_17.png | 19735ms
2025-10-10 21:38:05,304 | INFO    | [102/291] OK FD_14_18.png | 19836ms
2025-10-10 21:38:25,244 | INFO    | [103/291] OK FD_14_19.png | 19812ms
2025-10-10 21:38:46,711 | INFO    | [104/291] OK FD_14_2.png | 21353ms
2025-10-10 21:39:08,016 | INFO    | [105/291] OK FD_14_20.png | 21187ms
2025-10-10 21:39:27,854 | INFO    | [106/291] OK FD_14_21.png | 19717ms
2025-10-10 21:39:47,842 | INFO    | [107/291] OK FD_14_22.png | 19862ms
2025-10-10 21:40:09,235 | INFO    | [108/291] OK FD_14_23.png | 21280ms
2025-10-10 21:40:29,033 | INFO    | [109/291] OK FD_14_24.png | 19674ms
2025-10-10 21:40:48,747 | INFO    | [110/291] OK FD_14_25.png | 19595ms
2025-10-10 21:41:08,731 | INFO    | [111/291] OK FD_14_26.png | 19872ms
2025-10-10 21:41:30,182 | INFO    | [112/291] OK FD_14_27.png | 21331ms
2025-10-10 21:41:51,621 | INFO    | [113/291] OK FD_14_28.png | 21319ms
2025-10-10 21:42:13,965 | INFO    | [114/291] OK FD_14_29.png | 22217ms
2025-10-10 21:42:33,813 | INFO    | [115/291] OK FD_14_3.png | 19730ms
2025-10-10 21:42:57,469 | INFO    | [116/291] OK FD_14_30.png | 23534ms
2025-10-10 21:43:21,561 | INFO    | [117/291] OK FD_14_31.png | 23981ms
2025-10-10 21:43:45,294 | INFO    | [118/291] OK FD_14_32.png | 23614ms
2025-10-10 21:44:06,094 | INFO    | [119/291] OK FD_14_33.png | 20680ms
2025-10-10 21:44:28,330 | INFO    | [120/291] OK FD_14_34.png | 22126ms
2025-10-10 21:44:50,166 | INFO    | [121/291] OK FD_14_35.png | 21720ms
2025-10-10 21:45:11,856 | INFO    | [122/291] OK FD_14_36.png | 21574ms
2025-10-10 21:45:33,902 | INFO    | [123/291] OK FD_14_37.png | 21927ms
2025-10-10 21:45:56,518 | INFO    | [124/291] OK FD_14_38.png | 22495ms
2025-10-10 21:46:17,237 | INFO    | [125/291] OK FD_14_39.png | 20611ms
2025-10-10 21:46:39,226 | INFO    | [126/291] OK FD_14_4.png | 21871ms
2025-10-10 21:47:00,022 | INFO    | [127/291] OK FD_14_40.png | 20676ms
2025-10-10 21:47:20,162 | INFO    | [128/291] OK FD_14_41.png | 20019ms
2025-10-10 21:47:40,341 | INFO    | [129/291] OK FD_14_42.png | 20063ms
2025-10-10 21:48:01,011 | INFO    | [130/291] OK FD_14_43.png | 20548ms
2025-10-10 21:48:24,187 | INFO    | [131/291] OK FD_14_44.png | 23054ms
2025-10-10 21:48:45,413 | INFO    | [132/291] OK FD_14_45.png | 21054ms
2025-10-10 21:49:07,865 | INFO    | [133/291] OK FD_14_46.png | 22332ms
2025-10-10 21:49:29,521 | INFO    | [134/291] OK FD_14_47.png | 21535ms
2025-10-10 21:49:49,198 | INFO    | [135/291] OK FD_14_48.png | 19558ms
2025-10-10 21:50:10,804 | INFO    | [136/291] OK FD_14_49.png | 21489ms
2025-10-10 21:50:32,439 | INFO    | [137/291] OK FD_14_5.png | 21516ms
2025-10-10 21:50:52,807 | INFO    | [138/291] OK FD_14_50.png | 20256ms
2025-10-10 21:51:14,406 | INFO    | [139/291] OK FD_14_51.png | 21484ms
2025-10-10 21:51:34,606 | INFO    | [140/291] OK FD_14_52.png | 20077ms
2025-10-10 21:51:55,996 | INFO    | [141/291] OK FD_14_53.png | 21268ms
2025-10-10 21:52:17,060 | INFO    | [142/291] OK FD_14_54.png | 20942ms
2025-10-10 21:52:38,458 | INFO    | [143/291] OK FD_14_55.png | 21267ms
2025-10-10 21:52:59,672 | INFO    | [144/291] OK FD_14_56.png | 21086ms
2025-10-10 21:53:20,787 | INFO    | [145/291] OK FD_14_57.png | 20993ms
2025-10-10 21:53:43,751 | INFO    | [146/291] OK FD_14_58.png | 22844ms
2025-10-10 21:54:07,236 | INFO    | [147/291] OK FD_14_59.png | 23367ms
2025-10-10 21:54:28,546 | INFO    | [148/291] OK FD_14_6.png | 21189ms
2025-10-10 21:54:49,621 | INFO    | [149/291] OK FD_14_60.png | 20954ms
2025-10-10 21:55:11,585 | INFO    | [150/291] OK FD_14_61.png | 21830ms
2025-10-10 21:55:34,817 | INFO    | [151/291] OK FD_14_62.png | 23114ms
2025-10-10 21:55:56,291 | INFO    | [152/291] OK FD_14_63.png | 21348ms
2025-10-10 21:56:20,022 | INFO    | [153/291] OK FD_14_64.png | 23613ms
2025-10-10 21:56:43,610 | INFO    | [154/291] OK FD_14_65.png | 23465ms
2025-10-10 21:57:05,936 | INFO    | [155/291] OK FD_14_66.png | 22204ms
2025-10-10 21:57:26,983 | INFO    | [156/291] OK FD_14_67.png | 20923ms
2025-10-10 21:57:50,552 | INFO    | [157/291] OK FD_14_68.png | 23453ms
2025-10-10 21:58:13,459 | INFO    | [158/291] OK FD_14_69.png | 22785ms
2025-10-10 21:58:36,224 | INFO    | [159/291] OK FD_14_7.png | 22640ms
2025-10-10 21:58:56,936 | INFO    | [160/291] OK FD_14_70.png | 20589ms
2025-10-10 21:59:18,740 | INFO    | [161/291] OK FD_14_71.png | 21684ms
2025-10-10 21:59:42,009 | INFO    | [162/291] OK FD_14_72.png | 23154ms
2025-10-10 22:00:03,541 | INFO    | [163/291] OK FD_14_73.png | 21404ms
2025-10-10 22:00:25,084 | INFO    | [164/291] OK FD_14_74.png | 21428ms
2025-10-10 22:00:46,480 | INFO    | [165/291] OK FD_14_75.png | 21259ms
2025-10-10 22:01:09,068 | INFO    | [166/291] OK FD_14_76.png | 22455ms
2025-10-10 22:01:30,597 | INFO    | [167/291] OK FD_14_77.png | 21417ms
2025-10-10 22:01:53,873 | INFO    | [168/291] OK FD_14_78.png | 23157ms
2025-10-10 22:02:16,786 | INFO    | [169/291] OK FD_14_79.png | 22786ms
2025-10-10 22:02:39,424 | INFO    | [170/291] OK FD_14_8.png | 22523ms
2025-10-10 22:03:03,088 | INFO    | [171/291] OK FD_14_80.png | 23544ms
2025-10-10 22:03:24,552 | INFO    | [172/291] OK FD_14_81.png | 21342ms
2025-10-10 22:03:45,876 | INFO    | [173/291] OK FD_14_82.png | 21204ms
2025-10-10 22:04:07,858 | INFO    | [174/291] OK FD_14_83.png | 21864ms
2025-10-10 22:04:29,532 | INFO    | [175/291] OK FD_14_84.png | 21560ms
2025-10-10 22:04:52,553 | INFO    | [176/291] OK FD_14_85.png | 22907ms
2025-10-10 22:05:15,595 | INFO    | [177/291] OK FD_14_86.png | 22923ms
2025-10-10 22:05:37,307 | INFO    | [178/291] OK FD_14_87.png | 21592ms
2025-10-10 22:05:59,701 | INFO    | [179/291] OK FD_14_88.png | 22281ms
2025-10-10 22:06:19,638 | INFO    | [180/291] OK FD_14_89.png | 19788ms
2025-10-10 22:06:41,591 | INFO    | [181/291] OK FD_14_9.png | 21834ms
2025-10-10 22:07:04,292 | INFO    | [182/291] OK FD_14_90.png | 22565ms
2025-10-10 22:07:27,420 | INFO    | [183/291] OK FD_14_91.png | 23010ms
2025-10-10 22:07:48,420 | INFO    | [184/291] OK FD_14_92.png | 20882ms
2025-10-10 22:08:11,371 | INFO    | [185/291] OK FD_14_93.png | 22838ms
2025-10-10 22:08:33,689 | INFO    | [186/291] OK FD_14_94.png | 22202ms
2025-10-10 22:08:58,134 | INFO    | [187/291] OK FD_14_95.png | 24316ms
2025-10-10 22:09:20,814 | INFO    | [188/291] OK FD_14_96.png | 22561ms
2025-10-10 22:09:45,014 | INFO    | [189/291] OK FD_14_97.png | 24055ms
2025-10-10 22:10:07,061 | INFO    | [190/291] OK FD_14_98.png | 21932ms
2025-10-10 22:10:30,665 | INFO    | [191/291] OK FD_14_99.png | 23487ms
2025-10-10 22:10:52,491 | INFO    | [192/291] OK FD_16_0.png | 21710ms
2025-10-10 22:11:14,378 | INFO    | [193/291] OK FD_16_1.png | 21767ms
2025-10-10 22:11:37,638 | INFO    | [194/291] OK FD_16_10.png | 23141ms
2025-10-10 22:11:59,971 | INFO    | [195/291] OK FD_16_11.png | 22215ms
2025-10-10 22:12:22,647 | INFO    | [196/291] OK FD_16_12.png | 22554ms
2025-10-10 22:12:44,640 | INFO    | [197/291] OK FD_16_13.png | 21871ms
2025-10-10 22:13:07,735 | INFO    | [198/291] OK FD_16_14.png | 22969ms
2025-10-10 22:13:29,611 | INFO    | [199/291] OK FD_16_15.png | 21748ms
2025-10-10 22:13:52,776 | INFO    | [200/291] OK FD_16_16.png | 22863ms
2025-10-10 22:14:16,997 | INFO    | [201/291] OK FD_16_17.png | 24099ms
2025-10-10 22:14:40,669 | INFO    | [202/291] OK FD_16_18.png | 23550ms
2025-10-10 22:15:02,847 | INFO    | [203/291] OK FD_16_19.png | 22048ms
2025-10-10 22:15:26,449 | INFO    | [204/291] OK FD_16_2.png | 23477ms
2025-10-10 22:15:48,727 | INFO    | [205/291] OK FD_16_20.png | 22145ms
2025-10-10 22:16:09,400 | INFO    | [206/291] OK FD_16_21.png | 20548ms
2025-10-10 22:16:32,376 | INFO    | [207/291] OK FD_16_22.png | 22851ms
2025-10-10 22:16:57,121 | INFO    | [208/291] OK FD_16_23.png | 24613ms
2025-10-10 22:17:18,033 | INFO    | [209/291] OK FD_16_24.png | 20788ms
2025-10-10 22:17:40,241 | INFO    | [210/291] OK FD_16_25.png | 22088ms
2025-10-10 22:18:03,161 | INFO    | [211/291] OK FD_16_26.png | 22801ms
2025-10-10 22:18:23,839 | INFO    | [212/291] OK FD_16_27.png | 20547ms
2025-10-10 22:18:44,542 | INFO    | [213/291] OK FD_16_28.png | 20581ms
2025-10-10 22:19:06,095 | INFO    | [214/291] OK FD_16_29.png | 21419ms
2025-10-10 22:19:27,480 | INFO    | [215/291] OK FD_16_3.png | 21261ms
2025-10-10 22:19:51,458 | INFO    | [216/291] OK FD_16_30.png | 23862ms
2025-10-10 22:20:11,831 | INFO    | [217/291] OK FD_16_31.png | 20251ms
2025-10-10 22:20:32,461 | INFO    | [218/291] OK FD_16_32.png | 20511ms
2025-10-10 22:20:55,030 | INFO    | [219/291] OK FD_16_33.png | 22442ms
2025-10-10 22:21:15,989 | INFO    | [220/291] OK FD_16_34.png | 20829ms
2025-10-10 22:21:37,158 | INFO    | [221/291] OK FD_16_35.png | 21050ms
2025-10-10 22:21:57,982 | INFO    | [222/291] OK FD_16_36.png | 20700ms
2025-10-10 22:22:20,376 | INFO    | [223/291] OK FD_16_37.png | 22271ms
2025-10-10 22:22:41,077 | INFO    | [224/291] OK FD_16_38.png | 20584ms
2025-10-10 22:23:02,700 | INFO    | [225/291] OK FD_16_39.png | 21504ms
2025-10-10 22:23:24,285 | INFO    | [226/291] OK FD_16_4.png | 21462ms
2025-10-10 22:23:46,955 | INFO    | [227/291] OK FD_16_40.png | 22548ms
2025-10-10 22:24:07,904 | INFO    | [228/291] OK FD_16_41.png | 20832ms
2025-10-10 22:24:29,378 | INFO    | [229/291] OK FD_16_42.png | 21348ms
2025-10-10 22:24:50,117 | INFO    | [230/291] OK FD_16_43.png | 20620ms
2025-10-10 22:25:10,836 | INFO    | [231/291] OK FD_16_44.png | 20589ms
2025-10-10 22:25:34,165 | INFO    | [232/291] OK FD_16_45.png | 23194ms
2025-10-10 22:25:54,986 | INFO    | [233/291] OK FD_16_46.png | 20706ms
2025-10-10 22:26:18,857 | INFO    | [234/291] OK FD_16_47.png | 23746ms
2025-10-10 22:26:39,388 | INFO    | [235/291] OK FD_16_48.png | 20410ms
2025-10-10 22:26:59,968 | INFO    | [236/291] OK FD_16_49.png | 20460ms
2025-10-10 22:27:20,771 | INFO    | [237/291] OK FD_16_5.png | 20680ms
2025-10-10 22:27:40,927 | INFO    | [238/291] OK FD_16_50.png | 20041ms
2025-10-10 22:28:03,052 | INFO    | [239/291] OK FD_16_51.png | 22005ms
2025-10-10 22:28:25,107 | INFO    | [240/291] OK FD_16_52.png | 21933ms
2025-10-10 22:28:45,426 | INFO    | [241/291] OK FD_16_53.png | 20197ms
2025-10-10 22:29:07,008 | INFO    | [242/291] OK FD_16_54.png | 21464ms
2025-10-10 22:29:28,733 | INFO    | [243/291] OK FD_16_55.png | 21606ms
2025-10-10 22:29:50,341 | INFO    | [244/291] OK FD_16_56.png | 21488ms
2025-10-10 22:30:11,673 | INFO    | [245/291] OK FD_16_57.png | 21213ms
2025-10-10 22:30:32,990 | INFO    | [246/291] OK FD_16_58.png | 21196ms
2025-10-10 22:30:55,122 | INFO    | [247/291] OK FD_16_59.png | 22007ms
2025-10-10 22:31:15,790 | INFO    | [248/291] OK FD_16_6.png | 20553ms
2025-10-10 22:31:36,581 | INFO    | [249/291] OK FD_16_60.png | 20675ms
2025-10-10 22:31:58,940 | INFO    | [250/291] OK FD_16_61.png | 22238ms
2025-10-10 22:32:19,503 | INFO    | [251/291] OK FD_16_62.png | 20442ms
2025-10-10 22:32:40,101 | INFO    | [252/291] OK FD_16_63.png | 20478ms
2025-10-10 22:33:03,584 | INFO    | [253/291] OK FD_16_64.png | 23369ms
2025-10-10 22:33:27,237 | INFO    | [254/291] OK FD_16_65.png | 23534ms
2025-10-10 22:33:48,232 | INFO    | [255/291] OK FD_16_66.png | 20878ms
2025-10-10 22:34:08,986 | INFO    | [256/291] OK FD_16_67.png | 20633ms
2025-10-10 22:34:30,488 | INFO    | [257/291] OK FD_16_68.png | 21379ms
2025-10-10 22:34:51,194 | INFO    | [258/291] OK FD_16_69.png | 20587ms
2025-10-10 22:35:12,452 | INFO    | [259/291] OK FD_16_7.png | 21138ms
2025-10-10 22:35:33,015 | INFO    | [260/291] OK FD_16_70.png | 20444ms
2025-10-10 22:35:53,771 | INFO    | [261/291] OK FD_16_71.png | 20636ms
2025-10-10 22:36:15,999 | INFO    | [262/291] OK FD_16_72.png | 22111ms
2025-10-10 22:36:38,352 | INFO    | [263/291] OK FD_16_73.png | 22227ms
2025-10-10 22:36:58,662 | INFO    | [264/291] OK FD_16_74.png | 20190ms
2025-10-10 22:37:21,382 | INFO    | [265/291] OK FD_16_75.png | 22596ms
2025-10-10 22:37:44,579 | INFO    | [266/291] OK FD_16_76.png | 23080ms
2025-10-10 22:38:07,259 | INFO    | [267/291] OK FD_16_77.png | 22559ms
2025-10-10 22:38:28,891 | INFO    | [268/291] OK FD_16_78.png | 21510ms
2025-10-10 22:38:49,991 | INFO    | [269/291] OK FD_16_79.png | 20975ms
2025-10-10 22:39:11,743 | INFO    | [270/291] OK FD_16_8.png | 21630ms
2025-10-10 22:39:32,905 | INFO    | [271/291] OK FD_16_80.png | 21041ms
2025-10-10 22:39:57,086 | INFO    | [272/291] OK FD_16_81.png | 24061ms
2025-10-10 22:40:20,339 | INFO    | [273/291] OK FD_16_82.png | 23135ms
2025-10-10 22:40:40,401 | INFO    | [274/291] OK FD_16_83.png | 19940ms
2025-10-10 22:41:01,986 | INFO    | [275/291] OK FD_16_84.png | 21465ms
2025-10-10 22:41:25,396 | INFO    | [276/291] OK FD_16_85.png | 23293ms
2025-10-10 22:41:47,277 | INFO    | [277/291] OK FD_16_86.png | 21761ms
2025-10-10 22:42:10,082 | INFO    | [278/291] OK FD_16_87.png | 22676ms
2025-10-10 22:42:33,727 | INFO    | [279/291] OK FD_16_88.png | 23522ms
2025-10-10 22:42:55,395 | INFO    | [280/291] OK FD_16_89.png | 21548ms
2025-10-10 22:43:18,793 | INFO    | [281/291] OK FD_16_9.png | 23283ms
2025-10-10 22:43:40,045 | INFO    | [282/291] OK FD_16_90.png | 21132ms
2025-10-10 22:44:03,795 | INFO    | [283/291] OK FD_16_91.png | 23626ms
2025-10-10 22:44:27,739 | INFO    | [284/291] OK FD_16_92.png | 23827ms
2025-10-10 22:44:51,178 | INFO    | [285/291] OK FD_16_93.png | 23318ms
2025-10-10 22:45:11,643 | INFO    | [286/291] OK FD_16_94.png | 20341ms
2025-10-10 22:45:34,879 | INFO    | [287/291] OK FD_16_95.png | 23111ms
2025-10-10 22:45:56,209 | INFO    | [288/291] OK FD_16_96.png | 21211ms
2025-10-10 22:46:18,580 | INFO    | [289/291] OK FD_16_97.png | 22251ms
2025-10-10 22:46:40,580 | INFO    | [290/291] OK FD_16_98.png | 21849ms
2025-10-10 22:47:03,559 | INFO    | [291/291] OK FD_16_99.png | 22863ms
2025-10-10 22:47:03,662 | INFO    | Completed 291 images. Results saved to /Users/precioux/Desktop/Creativity/code/Fractal/out/gemma_all.jsonl
2025-10-10 22:47:03,663 | INFO    | Run finished successfully.
